
e: file:///D:/AttendanceSystem/app/src/main/java/com/example/attendancesystem/AttendanceConfirmationDialog.kt:117:62 
Unresolved reference: bg_confirmation_status_pill_late
e: file:///D:/AttendanceSystem/app/src/main/java/com/example/attendancesystem/QRScannerFragment.kt:193:13 Unresolved 
reference: AgentDebugLog
e: file:///D:/AttendanceSystem/app/src/main/java/com/example/attendancesystem/StudentDashboardFragment.kt:192:25 
Unresolved reference: AgentDebugLog
e: file:///D:/AttendanceSystem/app/src/main/java/com/example/attendancesystem/StudentScheduleAdapter.kt:37:81 
Unresolved reference: bg_schedule_status_present
e: file:///D:/AttendanceSystem/app/src/main/java/com/example/attendancesystem/StudentScheduleAdapter.kt:43:81 
Unresolved reference: bg_schedule_status_absent
e: file:///D:/AttendanceSystem/app/src/main/java/com/example/attendancesystem/TeacherAnalyticsFragment.kt:127:55 
Unresolved reference: bg_teacher_day_tab_active
e: file:///D:/AttendanceSystem/app/src/main/java/com/example/attendancesystem/TeacherDashboardFragment.kt:80:34 
Unresolved reference: TeacherDashboardViewModel
e: file:///D:/AttendanceSystem/app/src/main/java/com/example/attendancesystem/TeacherDashboardFragment.kt:80:63 Not 
enough information to infer type variable VM
e: file:///D:/AttendanceSystem/app/src/main/java/com/example/attendancesystem/TeacherDashboardFragment.kt:80:63 
Property delegate must have a 'getValue(TeacherDashboardFragment, KProperty<*>)' method. None of the following 
functions is suitable: 
e: file:///D:/AttendanceSystem/app/src/main/java/com/example/attendancesystem/TeacherDashboardFragment.kt:105:63 
Unresolved reference: it
e: file:///D:/AttendanceSystem/app/src/main/java/com/example/attendancesystem/TeacherDashboardFragment.kt:178:13 
Unresolved reference: AgentDebugLog
e: file:///D:/AttendanceSystem/app/src/main/java/com/example/attendancesystem/TeacherDashboardFragment.kt:207:25 
Unresolved reference: AgentDebugLog
e: file:///D:/AttendanceSystem/app/src/main/java/com/example/attendancesystem/TeacherDashboardFragment.kt:226:25 
Unresolved reference: AgentDebugLog
e: file:///D:/AttendanceSystem/app/src/main/java/com/example/attendancesystem/TeacherDashboardFragment.kt:238:17 
Unresolved reference: AgentDebugLog
e: file:///D:/AttendanceSystem/app/src/main/java/com/example/attendancesystem/TeacherDashboardFragment.kt:430:21 
Unresolved reference: AgentDebugLog
e: file:///D:/AttendanceSystem/app/src/main/java/com/example/attendancesystem/TeacherDashboardFragment.kt:531:29 
Unresolved reference: AgentDebugLog
e: file:///D:/AttendanceSystem/app/src/main/java/com/example/attendancesystem/TeacherDashboardFragment.kt:549:29 
Unresolved reference: AgentDebugLog
e: file:///D:/AttendanceSystem/app/src/main/java/com/example/attendancesystem/TeacherDashboardFragment.kt:736:48 
Cannot infer a type for this parameter. Please specify it explicitly.
e: file:///D:/AttendanceSystem/app/src/main/java/com/example/attendancesystem/TeacherDashboardFragment.kt:754:13 
Unresolved reference: AgentDebugLog
e: file:///D:/AttendanceSystem/app/src/main/java/com/example/attendancesystem/TeacherDashboardFragment.kt:771:9 
Unresolved reference: AgentDebugLog
e: file:///D:/AttendanceSystem/app/src/main/java/com/example/attendancesystem/TeacherDashboardFragment.kt:798:9 
Unresolved reference: AgentDebugLog
e: file:///D:/AttendanceSystem/app/src/main/java/com/example/attendancesystem/TeacherDashboardFragment.kt:812:9 
Unresolved reference: AgentDebugLog
e: file:///D:/AttendanceSystem/app/src/main/java/com/example/attendancesystem/TeacherDashboardFragment.kt:850:13 
Unresolved reference: AgentDebugLog
e: file:///D:/AttendanceSystem/app/src/main/java/com/example/attendancesystem/TeacherDashboardFragment.kt:890:17 
Unresolved reference: AgentDebugLog
e: file:///D:/AttendanceSystem/app/src/main/java/com/example/attendancesystem/TeacherDashboardFragment.kt:966:33 
Variable expected
e: file:///D:/AttendanceSystem/app/src/main/java/com/example/attendancesystem/TeacherDashboardFragment.kt:1056:17 
Unresolved reference: AgentDebugLog
e: file:///D:/AttendanceSystem/app/src/main/java/com/example/attendancesystem/TeacherDashboardFragment.kt:1088:9 
Unresolved reference: AgentDebugLog
e: file:///D:/AttendanceSystem/app/src/main/java/com/example/attendancesystem/TeacherDashboardFragment.kt:1110:9 
Unresolved reference: AgentDebugLog
e: file:///D:/AttendanceSystem/app/src/main/java/com/example/attendancesystem/TeacherDashboardFragment.kt:1216:9 
Unresolved reference: AgentDebugLog
e: file:///D:/AttendanceSystem/app/src/main/java/com/example/attendancesystem/TeacherDashboardFragment.kt:1227:9 
Unresolved reference: AgentDebugLog
e: file:///D:/AttendanceSystem/app/src/main/java/com/example/attendancesystem/TeacherDashboardFragment.kt:1253:9 
Unresolved reference: AgentDebugLog
e: file:///D:/AttendanceSystem/app/src/main/java/com/example/attendancesystem/TeacherDashboardFragment.kt:1473:21 
Unresolved reference: AgentDebugLog
e: file:///D:/AttendanceSystem/app/src/main/java/com/example/attendancesystem/TeacherDashboardFragment.kt:1507:25 
Variable expected
e: file:///D:/AttendanceSystem/app/src/main/java/com/example/attendancesystem/TeacherDashboardFragment.kt:1524:9 
Unresolved reference: AgentDebugLog
e: file:///D:/AttendanceSystem/app/src/main/java/com/example/attendancesystem/TeacherDashboardFragment.kt:1598:17 
Unresolved reference: AgentDebugLog
e: file:///D:/AttendanceSystem/app/src/main/java/com/example/attendancesystem/TeacherDashboardFragment.kt:1642:17 
Unresolved reference: AgentDebugLog
e: file:///D:/AttendanceSystem/app/src/main/java/com/example/attendancesystem/TeacherDashboardFragment.kt:1664:33 
Variable expected
e: file:///D:/AttendanceSystem/app/src/main/java/com/example/attendancesystem/TeacherSchedulesFragment.kt:135:54 
Unresolved reference: bg_teacher_day_tab_active
e: 
file:///D:/AttendanceSystem/app/src/main/java/com/example/attendancesystem/adapters/TeacherAttendanceAdapter.kt:48:94 
Unresolved reference: bg_teacher_avatar_present
e: 
file:///D:/AttendanceSystem/app/src/main/java/com/example/attendancesystem/adapters/TeacherAttendanceAdapter.kt:50:86 
Unresolved reference: bg_teacher_status_badge_present
e: 
file:///D:/AttendanceSystem/app/src/main/java/com/example/attendancesystem/adapters/TeacherAttendanceAdapter.kt:54:94 
Unresolved reference: bg_teacher_avatar_late
e: 
file:///D:/AttendanceSystem/app/src/main/java/com/example/attendancesystem/adapters/TeacherAttendanceAdapter.kt:56:86 
Unresolved reference: bg_teacher_status_badge_late
e: 
file:///D:/AttendanceSystem/app/src/main/java/com/example/attendancesystem/adapters/TeacherAttendanceAdapter.kt:60:94 
Unresolved reference: bg_teacher_avatar_absent
e: 
file:///D:/AttendanceSystem/app/src/main/java/com/example/attendancesystem/adapters/TeacherAttendanceAdapter.kt:62:86 
Unresolved reference: bg_teacher_status_badge_absent


